Copyright 1986-2016 Xilinx, Inc. All Rights Reserved.
-----------------------------------------------------------------------------------------------------------------------------------------
| Tool Version : Vivado v.2016.4 (lin64) Build 1756540 Mon Jan 23 19:11:19 MST 2017
| Date         : Wed Feb 21 04:53:23 2018
| Host         : T3400 running 64-bit Ubuntu 14.04.5 LTS
| Command      : report_methodology -file KC705_Gen2x8If128_methodology_drc_routed.rpt -rpx KC705_Gen2x8If128_methodology_drc_routed.rpx
| Design       : KC705_Gen2x8If128
| Device       : xc7k325tffg900-2
| Speed File   : -2
| Design State : Routed
-----------------------------------------------------------------------------------------------------------------------------------------

Report Methodology

Table of Contents
-----------------
1. REPORT SUMMARY
2. REPORT DETAILS

1. REPORT SUMMARY
-----------------
            Netlist: netlist
          Floorplan: design_1
      Design limits: <entire design considered>
             Max violations: <unlimited>
             Violations found: 76
+-----------+----------+-------------------------------------------------+------------+
| Rule      | Severity | Description                                     | Violations |
+-----------+----------+-------------------------------------------------+------------+
| PDRC-190  | Warning  | Suboptimally placed synchronized register chain | 14         |
| SYNTH-6   | Warning  | Timing of a block RAM might be sub-optimal      | 53         |
| TIMING-3  | Warning  | Invalid primary clock on Clock Modifying Block  | 1          |
| TIMING-17 | Warning  | Non-clocked sequential cell                     | 7          |
| XDCB-1    | Warning  | Runtime intensive exceptions                    | 1          |
+-----------+----------+-------------------------------------------------+------------+

2. REPORT DETAILS
-----------------
PDRC-190#1 Warning
Suboptimally placed synchronized register chain  
The FDRE cell dbg_hub/inst/CORE_XSDB.UUT_MASTER/U_ICON_INTERFACE/U_CMD2/stat_reg_reg[0] in site SLICE_X36Y187 is part of a synchronized register chain that is suboptimally placed as the load FDRE cell dbg_hub/inst/CORE_XSDB.UUT_MASTER/U_ICON_INTERFACE/U_CMD2/stat_reg_1_reg[0] is not placed in the same (SLICE) site.
Related violations: <none>

PDRC-190#2 Warning
Suboptimally placed synchronized register chain  
The FDRE cell dbg_hub/inst/CORE_XSDB.UUT_MASTER/U_ICON_INTERFACE/U_CMD2/stat_reg_reg[1] in site SLICE_X36Y182 is part of a synchronized register chain that is suboptimally placed as the load FDRE cell dbg_hub/inst/CORE_XSDB.UUT_MASTER/U_ICON_INTERFACE/U_CMD2/stat_reg_1_reg[1] is not placed in the same (SLICE) site.
Related violations: <none>

PDRC-190#3 Warning
Suboptimally placed synchronized register chain  
The FDRE cell dbg_hub/inst/CORE_XSDB.UUT_MASTER/U_ICON_INTERFACE/U_CMD2/stat_reg_reg[2] in site SLICE_X36Y184 is part of a synchronized register chain that is suboptimally placed as the load FDRE cell dbg_hub/inst/CORE_XSDB.UUT_MASTER/U_ICON_INTERFACE/U_CMD2/stat_reg_1_reg[2] is not placed in the same (SLICE) site.
Related violations: <none>

PDRC-190#4 Warning
Suboptimally placed synchronized register chain  
The FDRE cell dbg_hub/inst/CORE_XSDB.UUT_MASTER/U_ICON_INTERFACE/U_CMD2/stat_reg_reg[3] in site SLICE_X37Y182 is part of a synchronized register chain that is suboptimally placed as the load FDRE cell dbg_hub/inst/CORE_XSDB.UUT_MASTER/U_ICON_INTERFACE/U_CMD2/stat_reg_1_reg[3] is not placed in the same (SLICE) site.
Related violations: <none>

PDRC-190#5 Warning
Suboptimally placed synchronized register chain  
The FDRE cell dbg_hub/inst/CORE_XSDB.UUT_MASTER/U_ICON_INTERFACE/U_CMD3/stat_reg_reg[0] in site SLICE_X39Y178 is part of a synchronized register chain that is suboptimally placed as the load FDRE cell dbg_hub/inst/CORE_XSDB.UUT_MASTER/U_ICON_INTERFACE/U_CMD3/stat_reg_1_reg[0] is not placed in the same (SLICE) site.
Related violations: <none>

PDRC-190#6 Warning
Suboptimally placed synchronized register chain  
The FDRE cell dbg_hub/inst/CORE_XSDB.UUT_MASTER/U_ICON_INTERFACE/U_CMD3/stat_reg_reg[1] in site SLICE_X38Y178 is part of a synchronized register chain that is suboptimally placed as the load FDRE cell dbg_hub/inst/CORE_XSDB.UUT_MASTER/U_ICON_INTERFACE/U_CMD3/stat_reg_1_reg[1] is not placed in the same (SLICE) site.
Related violations: <none>

PDRC-190#7 Warning
Suboptimally placed synchronized register chain  
The FDRE cell dbg_hub/inst/CORE_XSDB.UUT_MASTER/U_ICON_INTERFACE/U_CMD3/stat_reg_reg[2] in site SLICE_X37Y178 is part of a synchronized register chain that is suboptimally placed as the load FDRE cell dbg_hub/inst/CORE_XSDB.UUT_MASTER/U_ICON_INTERFACE/U_CMD3/stat_reg_1_reg[2] is not placed in the same (SLICE) site.
Related violations: <none>

PDRC-190#8 Warning
Suboptimally placed synchronized register chain  
The FDRE cell dbg_hub/inst/CORE_XSDB.UUT_MASTER/U_ICON_INTERFACE/U_CMD4/shift_reg_in_reg[12] in site SLICE_X23Y179 is part of a synchronized register chain that is suboptimally placed as the load FDRE cell dbg_hub/inst/CORE_XSDB.UUT_MASTER/U_ICON_INTERFACE/U_CMD4/shift_reg_in_reg[11] is not placed in the same (SLICE) site.
Related violations: <none>

PDRC-190#9 Warning
Suboptimally placed synchronized register chain  
The FDRE cell dbg_hub/inst/CORE_XSDB.UUT_MASTER/U_ICON_INTERFACE/U_CMD4/shift_reg_in_reg[20] in site SLICE_X23Y178 is part of a synchronized register chain that is suboptimally placed as the load FDRE cell dbg_hub/inst/CORE_XSDB.UUT_MASTER/U_ICON_INTERFACE/U_CMD4/shift_reg_in_reg[19] is not placed in the same (SLICE) site.
Related violations: <none>

PDRC-190#10 Warning
Suboptimally placed synchronized register chain  
The FDRE cell dbg_hub/inst/CORE_XSDB.UUT_MASTER/U_ICON_INTERFACE/U_CMD4/shift_reg_in_reg[4] in site SLICE_X23Y180 is part of a synchronized register chain that is suboptimally placed as the load FDRE cell dbg_hub/inst/CORE_XSDB.UUT_MASTER/U_ICON_INTERFACE/U_CMD4/shift_reg_in_reg[3] is not placed in the same (SLICE) site.
Related violations: <none>

PDRC-190#11 Warning
Suboptimally placed synchronized register chain  
The FDRE cell dbg_hub/inst/CORE_XSDB.UUT_MASTER/U_ICON_INTERFACE/U_CMD5/shift_reg_in_reg[10] in site SLICE_X42Y180 is part of a synchronized register chain that is suboptimally placed as the load FDRE cell dbg_hub/inst/CORE_XSDB.UUT_MASTER/U_ICON_INTERFACE/U_CMD5/shift_reg_in_reg[9] is not placed in the same (SLICE) site.
Related violations: <none>

PDRC-190#12 Warning
Suboptimally placed synchronized register chain  
The FDRE cell dbg_hub/inst/CORE_XSDB.UUT_MASTER/U_ICON_INTERFACE/U_CMD5/shift_reg_in_reg[2] in site SLICE_X42Y181 is part of a synchronized register chain that is suboptimally placed as the load FDRE cell dbg_hub/inst/CORE_XSDB.UUT_MASTER/U_ICON_INTERFACE/U_CMD5/shift_reg_in_reg[1] is not placed in the same (SLICE) site.
Related violations: <none>

PDRC-190#13 Warning
Suboptimally placed synchronized register chain  
The FDRE cell dbg_hub/inst/CORE_XSDB.UUT_MASTER/U_ICON_INTERFACE/U_CMD7_CTL/shift_reg_in_reg[0] in site SLICE_X36Y176 is part of a synchronized register chain that is suboptimally placed as the load FDRE cell dbg_hub/inst/CORE_XSDB.UUT_MASTER/U_ICON_INTERFACE/U_CMD7_STAT/stat_reg_reg[0] is not placed in the same (SLICE) site.
Related violations: <none>

PDRC-190#14 Warning
Suboptimally placed synchronized register chain  
The FDRE cell dbg_hub/inst/CORE_XSDB.UUT_MASTER/U_ICON_INTERFACE/U_CMD7_STAT/stat_reg_reg[0] in site SLICE_X36Y177 is part of a synchronized register chain that is suboptimally placed as the load FDRE cell dbg_hub/inst/CORE_XSDB.UUT_MASTER/U_ICON_INTERFACE/U_CMD7_STAT/stat_reg_1_reg[0] is not placed in the same (SLICE) site.
Related violations: <none>

SYNTH-6#1 Warning
Timing of a block RAM might be sub-optimal  
The timing for the instance riffa/engine_layer_inst/tx_engine_classic_inst/txc_engine_inst/txc_engine_inst/tx_data_pipeline_inst/txdf_inst/gen_regs_fifos[0].fifo_inst_/mem/rMemory_reg, implemented as a block RAM, might be sub-optimal as no output register was merged into the block
Related violations: <none>

SYNTH-6#2 Warning
Timing of a block RAM might be sub-optimal  
The timing for the instance riffa/engine_layer_inst/tx_engine_classic_inst/txc_engine_inst/txc_engine_inst/tx_data_pipeline_inst/txdf_inst/gen_regs_fifos[1].fifo_inst_/mem/rMemory_reg, implemented as a block RAM, might be sub-optimal as no output register was merged into the block
Related violations: <none>

SYNTH-6#3 Warning
Timing of a block RAM might be sub-optimal  
The timing for the instance riffa/engine_layer_inst/tx_engine_classic_inst/txc_engine_inst/txc_engine_inst/tx_data_pipeline_inst/txdf_inst/gen_regs_fifos[2].fifo_inst_/mem/rMemory_reg, implemented as a block RAM, might be sub-optimal as no output register was merged into the block
Related violations: <none>

SYNTH-6#4 Warning
Timing of a block RAM might be sub-optimal  
The timing for the instance riffa/engine_layer_inst/tx_engine_classic_inst/txc_engine_inst/txc_engine_inst/tx_data_pipeline_inst/txdf_inst/gen_regs_fifos[3].fifo_inst_/mem/rMemory_reg, implemented as a block RAM, might be sub-optimal as no output register was merged into the block
Related violations: <none>

SYNTH-6#5 Warning
Timing of a block RAM might be sub-optimal  
The timing for the instance riffa/engine_layer_inst/tx_engine_classic_inst/txr_engine_inst/txr_engine_inst/tx_data_pipeline_inst/txdf_inst/gen_regs_fifos[0].fifo_inst_/mem/rMemory_reg, implemented as a block RAM, might be sub-optimal as no output register was merged into the block
Related violations: <none>

SYNTH-6#6 Warning
Timing of a block RAM might be sub-optimal  
The timing for the instance riffa/engine_layer_inst/tx_engine_classic_inst/txr_engine_inst/txr_engine_inst/tx_data_pipeline_inst/txdf_inst/gen_regs_fifos[1].fifo_inst_/mem/rMemory_reg, implemented as a block RAM, might be sub-optimal as no output register was merged into the block
Related violations: <none>

SYNTH-6#7 Warning
Timing of a block RAM might be sub-optimal  
The timing for the instance riffa/engine_layer_inst/tx_engine_classic_inst/txr_engine_inst/txr_engine_inst/tx_data_pipeline_inst/txdf_inst/gen_regs_fifos[2].fifo_inst_/mem/rMemory_reg, implemented as a block RAM, might be sub-optimal as no output register was merged into the block
Related violations: <none>

SYNTH-6#8 Warning
Timing of a block RAM might be sub-optimal  
The timing for the instance riffa/engine_layer_inst/tx_engine_classic_inst/txr_engine_inst/txr_engine_inst/tx_data_pipeline_inst/txdf_inst/gen_regs_fifos[3].fifo_inst_/mem/rMemory_reg, implemented as a block RAM, might be sub-optimal as no output register was merged into the block
Related violations: <none>

SYNTH-6#9 Warning
Timing of a block RAM might be sub-optimal  
The timing for the instance riffa/riffa_inst/channels[0].channel/channel/rxPort/mainFifo/fifo/mem/rRAM_reg_0, implemented as a block RAM, might be sub-optimal as no output register was merged into the block
Related violations: <none>

SYNTH-6#10 Warning
Timing of a block RAM might be sub-optimal  
The timing for the instance riffa/riffa_inst/channels[0].channel/channel/rxPort/mainFifo/fifo/mem/rRAM_reg_1, implemented as a block RAM, might be sub-optimal as no output register was merged into the block
Related violations: <none>

SYNTH-6#11 Warning
Timing of a block RAM might be sub-optimal  
The timing for the instance riffa/riffa_inst/channels[0].channel/channel/rxPort/mainFifo/fifo/mem/rRAM_reg_2, implemented as a block RAM, might be sub-optimal as no output register was merged into the block
Related violations: <none>

SYNTH-6#12 Warning
Timing of a block RAM might be sub-optimal  
The timing for the instance riffa/riffa_inst/channels[0].channel/channel/rxPort/mainFifo/fifo/mem/rRAM_reg_3, implemented as a block RAM, might be sub-optimal as no output register was merged into the block
Related violations: <none>

SYNTH-6#13 Warning
Timing of a block RAM might be sub-optimal  
The timing for the instance riffa/riffa_inst/channels[0].channel/channel/rxPort/sgRxFifo/mem/rRAM_reg_0, implemented as a block RAM, might be sub-optimal as no output register was merged into the block
Related violations: <none>

SYNTH-6#14 Warning
Timing of a block RAM might be sub-optimal  
The timing for the instance riffa/riffa_inst/channels[0].channel/channel/rxPort/sgRxFifo/mem/rRAM_reg_1, implemented as a block RAM, might be sub-optimal as no output register was merged into the block
Related violations: <none>

SYNTH-6#15 Warning
Timing of a block RAM might be sub-optimal  
The timing for the instance riffa/riffa_inst/channels[0].channel/channel/rxPort/sgRxFifo/mem/rRAM_reg_2, implemented as a block RAM, might be sub-optimal as no output register was merged into the block
Related violations: <none>

SYNTH-6#16 Warning
Timing of a block RAM might be sub-optimal  
The timing for the instance riffa/riffa_inst/channels[0].channel/channel/rxPort/sgTxFifo/mem/rRAM_reg_0, implemented as a block RAM, might be sub-optimal as no output register was merged into the block
Related violations: <none>

SYNTH-6#17 Warning
Timing of a block RAM might be sub-optimal  
The timing for the instance riffa/riffa_inst/channels[0].channel/channel/rxPort/sgTxFifo/mem/rRAM_reg_1, implemented as a block RAM, might be sub-optimal as no output register was merged into the block
Related violations: <none>

SYNTH-6#18 Warning
Timing of a block RAM might be sub-optimal  
The timing for the instance riffa/riffa_inst/channels[0].channel/channel/rxPort/sgTxFifo/mem/rRAM_reg_2, implemented as a block RAM, might be sub-optimal as no output register was merged into the block
Related violations: <none>

SYNTH-6#19 Warning
Timing of a block RAM might be sub-optimal  
The timing for the instance riffa/riffa_inst/channels[0].channel/channel/txPort/buffer/fifo/mem/rRAM_reg_0, implemented as a block RAM, might be sub-optimal as no output register was merged into the block
Related violations: <none>

SYNTH-6#20 Warning
Timing of a block RAM might be sub-optimal  
The timing for the instance riffa/riffa_inst/channels[0].channel/channel/txPort/buffer/fifo/mem/rRAM_reg_1, implemented as a block RAM, might be sub-optimal as no output register was merged into the block
Related violations: <none>

SYNTH-6#21 Warning
Timing of a block RAM might be sub-optimal  
The timing for the instance riffa/riffa_inst/channels[1].channel/channel/rxPort/mainFifo/fifo/mem/rRAM_reg_0, implemented as a block RAM, might be sub-optimal as no output register was merged into the block
Related violations: <none>

SYNTH-6#22 Warning
Timing of a block RAM might be sub-optimal  
The timing for the instance riffa/riffa_inst/channels[1].channel/channel/rxPort/mainFifo/fifo/mem/rRAM_reg_1, implemented as a block RAM, might be sub-optimal as no output register was merged into the block
Related violations: <none>

SYNTH-6#23 Warning
Timing of a block RAM might be sub-optimal  
The timing for the instance riffa/riffa_inst/channels[1].channel/channel/rxPort/mainFifo/fifo/mem/rRAM_reg_2, implemented as a block RAM, might be sub-optimal as no output register was merged into the block
Related violations: <none>

SYNTH-6#24 Warning
Timing of a block RAM might be sub-optimal  
The timing for the instance riffa/riffa_inst/channels[1].channel/channel/rxPort/mainFifo/fifo/mem/rRAM_reg_3, implemented as a block RAM, might be sub-optimal as no output register was merged into the block
Related violations: <none>

SYNTH-6#25 Warning
Timing of a block RAM might be sub-optimal  
The timing for the instance riffa/riffa_inst/channels[1].channel/channel/rxPort/sgRxFifo/mem/rRAM_reg_0, implemented as a block RAM, might be sub-optimal as no output register was merged into the block
Related violations: <none>

SYNTH-6#26 Warning
Timing of a block RAM might be sub-optimal  
The timing for the instance riffa/riffa_inst/channels[1].channel/channel/rxPort/sgRxFifo/mem/rRAM_reg_1, implemented as a block RAM, might be sub-optimal as no output register was merged into the block
Related violations: <none>

SYNTH-6#27 Warning
Timing of a block RAM might be sub-optimal  
The timing for the instance riffa/riffa_inst/channels[1].channel/channel/rxPort/sgRxFifo/mem/rRAM_reg_2, implemented as a block RAM, might be sub-optimal as no output register was merged into the block
Related violations: <none>

SYNTH-6#28 Warning
Timing of a block RAM might be sub-optimal  
The timing for the instance riffa/riffa_inst/channels[1].channel/channel/rxPort/sgTxFifo/mem/rRAM_reg_0, implemented as a block RAM, might be sub-optimal as no output register was merged into the block
Related violations: <none>

SYNTH-6#29 Warning
Timing of a block RAM might be sub-optimal  
The timing for the instance riffa/riffa_inst/channels[1].channel/channel/rxPort/sgTxFifo/mem/rRAM_reg_1, implemented as a block RAM, might be sub-optimal as no output register was merged into the block
Related violations: <none>

SYNTH-6#30 Warning
Timing of a block RAM might be sub-optimal  
The timing for the instance riffa/riffa_inst/channels[1].channel/channel/rxPort/sgTxFifo/mem/rRAM_reg_2, implemented as a block RAM, might be sub-optimal as no output register was merged into the block
Related violations: <none>

SYNTH-6#31 Warning
Timing of a block RAM might be sub-optimal  
The timing for the instance riffa/riffa_inst/channels[1].channel/channel/txPort/buffer/fifo/mem/rRAM_reg_1, implemented as a block RAM, might be sub-optimal as no output register was merged into the block
Related violations: <none>

SYNTH-6#32 Warning
Timing of a block RAM might be sub-optimal  
The timing for the instance riffa/riffa_inst/channels[2].channel/channel/rxPort/sgRxFifo/mem/rRAM_reg_0, implemented as a block RAM, might be sub-optimal as no output register was merged into the block
Related violations: <none>

SYNTH-6#33 Warning
Timing of a block RAM might be sub-optimal  
The timing for the instance riffa/riffa_inst/channels[2].channel/channel/rxPort/sgRxFifo/mem/rRAM_reg_1, implemented as a block RAM, might be sub-optimal as no output register was merged into the block
Related violations: <none>

SYNTH-6#34 Warning
Timing of a block RAM might be sub-optimal  
The timing for the instance riffa/riffa_inst/channels[2].channel/channel/rxPort/sgRxFifo/mem/rRAM_reg_2, implemented as a block RAM, might be sub-optimal as no output register was merged into the block
Related violations: <none>

SYNTH-6#35 Warning
Timing of a block RAM might be sub-optimal  
The timing for the instance riffa/riffa_inst/channels[2].channel/channel/rxPort/sgTxFifo/mem/rRAM_reg_0, implemented as a block RAM, might be sub-optimal as no output register was merged into the block
Related violations: <none>

SYNTH-6#36 Warning
Timing of a block RAM might be sub-optimal  
The timing for the instance riffa/riffa_inst/channels[2].channel/channel/rxPort/sgTxFifo/mem/rRAM_reg_1, implemented as a block RAM, might be sub-optimal as no output register was merged into the block
Related violations: <none>

SYNTH-6#37 Warning
Timing of a block RAM might be sub-optimal  
The timing for the instance riffa/riffa_inst/channels[2].channel/channel/rxPort/sgTxFifo/mem/rRAM_reg_2, implemented as a block RAM, might be sub-optimal as no output register was merged into the block
Related violations: <none>

SYNTH-6#38 Warning
Timing of a block RAM might be sub-optimal  
The timing for the instance riffa/riffa_inst/channels[2].channel/channel/txPort/buffer/fifo/mem/rRAM_reg_1, implemented as a block RAM, might be sub-optimal as no output register was merged into the block
Related violations: <none>

SYNTH-6#39 Warning
Timing of a block RAM might be sub-optimal  
The timing for the instance riffa/riffa_inst/channels[3].channel/channel/rxPort/mainFifo/fifo/mem/rRAM_reg_0, implemented as a block RAM, might be sub-optimal as no output register was merged into the block
Related violations: <none>

SYNTH-6#40 Warning
Timing of a block RAM might be sub-optimal  
The timing for the instance riffa/riffa_inst/channels[3].channel/channel/rxPort/mainFifo/fifo/mem/rRAM_reg_1, implemented as a block RAM, might be sub-optimal as no output register was merged into the block
Related violations: <none>

SYNTH-6#41 Warning
Timing of a block RAM might be sub-optimal  
The timing for the instance riffa/riffa_inst/channels[3].channel/channel/rxPort/mainFifo/fifo/mem/rRAM_reg_2, implemented as a block RAM, might be sub-optimal as no output register was merged into the block
Related violations: <none>

SYNTH-6#42 Warning
Timing of a block RAM might be sub-optimal  
The timing for the instance riffa/riffa_inst/channels[3].channel/channel/rxPort/mainFifo/fifo/mem/rRAM_reg_3, implemented as a block RAM, might be sub-optimal as no output register was merged into the block
Related violations: <none>

SYNTH-6#43 Warning
Timing of a block RAM might be sub-optimal  
The timing for the instance riffa/riffa_inst/channels[3].channel/channel/rxPort/sgRxFifo/mem/rRAM_reg_0, implemented as a block RAM, might be sub-optimal as no output register was merged into the block
Related violations: <none>

SYNTH-6#44 Warning
Timing of a block RAM might be sub-optimal  
The timing for the instance riffa/riffa_inst/channels[3].channel/channel/rxPort/sgRxFifo/mem/rRAM_reg_1, implemented as a block RAM, might be sub-optimal as no output register was merged into the block
Related violations: <none>

SYNTH-6#45 Warning
Timing of a block RAM might be sub-optimal  
The timing for the instance riffa/riffa_inst/channels[3].channel/channel/rxPort/sgRxFifo/mem/rRAM_reg_2, implemented as a block RAM, might be sub-optimal as no output register was merged into the block
Related violations: <none>

SYNTH-6#46 Warning
Timing of a block RAM might be sub-optimal  
The timing for the instance riffa/riffa_inst/channels[3].channel/channel/rxPort/sgTxFifo/mem/rRAM_reg_0, implemented as a block RAM, might be sub-optimal as no output register was merged into the block
Related violations: <none>

SYNTH-6#47 Warning
Timing of a block RAM might be sub-optimal  
The timing for the instance riffa/riffa_inst/channels[3].channel/channel/rxPort/sgTxFifo/mem/rRAM_reg_1, implemented as a block RAM, might be sub-optimal as no output register was merged into the block
Related violations: <none>

SYNTH-6#48 Warning
Timing of a block RAM might be sub-optimal  
The timing for the instance riffa/riffa_inst/channels[3].channel/channel/rxPort/sgTxFifo/mem/rRAM_reg_2, implemented as a block RAM, might be sub-optimal as no output register was merged into the block
Related violations: <none>

SYNTH-6#49 Warning
Timing of a block RAM might be sub-optimal  
The timing for the instance riffa/riffa_inst/channels[3].channel/channel/txPort/buffer/fifo/mem/rRAM_reg_1, implemented as a block RAM, might be sub-optimal as no output register was merged into the block
Related violations: <none>

SYNTH-6#50 Warning
Timing of a block RAM might be sub-optimal  
The timing for the instance riffa/riffa_inst/reorderQueue/rams[0].ram/rRAM_reg, implemented as a block RAM, might be sub-optimal as no output register was merged into the block
Related violations: <none>

SYNTH-6#51 Warning
Timing of a block RAM might be sub-optimal  
The timing for the instance riffa/riffa_inst/reorderQueue/rams[1].ram/rRAM_reg, implemented as a block RAM, might be sub-optimal as no output register was merged into the block
Related violations: <none>

SYNTH-6#52 Warning
Timing of a block RAM might be sub-optimal  
The timing for the instance riffa/riffa_inst/reorderQueue/rams[2].ram/rRAM_reg, implemented as a block RAM, might be sub-optimal as no output register was merged into the block
Related violations: <none>

SYNTH-6#53 Warning
Timing of a block RAM might be sub-optimal  
The timing for the instance riffa/riffa_inst/reorderQueue/rams[3].ram/rRAM_reg, implemented as a block RAM, might be sub-optimal as no output register was merged into the block
Related violations: <none>

TIMING-3#1 Warning
Invalid primary clock on Clock Modifying Block  
A primary clock pcie_refclk is created on the output pin or net refclk_ibuf/O of a Clock Modifying Block
Related violations: <none>

TIMING-17#1 Warning
Non-clocked sequential cell  
The clock pin riffa/riffa_inst/channels[0].channel/channel/rxPort/mainFifo/fifo/asyncCompare/rDir_reg/C is not reached by a timing clock
Related violations: <none>

TIMING-17#2 Warning
Non-clocked sequential cell  
The clock pin riffa/riffa_inst/channels[0].channel/channel/txPort/gate/fifo/asyncCompare/rDir_reg/C is not reached by a timing clock
Related violations: <none>

TIMING-17#3 Warning
Non-clocked sequential cell  
The clock pin riffa/riffa_inst/channels[1].channel/channel/rxPort/mainFifo/fifo/asyncCompare/rDir_reg/C is not reached by a timing clock
Related violations: <none>

TIMING-17#4 Warning
Non-clocked sequential cell  
The clock pin riffa/riffa_inst/channels[1].channel/channel/txPort/gate/fifo/asyncCompare/rDir_reg/C is not reached by a timing clock
Related violations: <none>

TIMING-17#5 Warning
Non-clocked sequential cell  
The clock pin riffa/riffa_inst/channels[2].channel/channel/txPort/gate/fifo/asyncCompare/rDir_reg/C is not reached by a timing clock
Related violations: <none>

TIMING-17#6 Warning
Non-clocked sequential cell  
The clock pin riffa/riffa_inst/channels[3].channel/channel/rxPort/mainFifo/fifo/asyncCompare/rDir_reg/C is not reached by a timing clock
Related violations: <none>

TIMING-17#7 Warning
Non-clocked sequential cell  
The clock pin riffa/riffa_inst/channels[3].channel/channel/txPort/gate/fifo/asyncCompare/rDir_reg/C is not reached by a timing clock
Related violations: <none>

XDCB-1#1 Warning
Runtime intensive exceptions  
The following constraint contains more than 1000 objects. To preserve runtime and memory performance, it is recommended to include minimum number of objects. Check whether this list can be simplified.
-from = expands to 1600 design objects. 
set_false_path -from [get_pins -hierarchical -filter {NAME =~ *allx_typeA_match_detection.ltlib_v1_0_0_allx_typeA_inst/DUT/I_WHOLE_SLICE.G_SLICE_IDX[*...
/home/yuzou/gcn_fpga_exp1/gcn_fpga_hw/gcn_fpga_hw.runs/impl_1/.Xil/Vivado-4410-T3400/u_ila_0_CV.0/out/ila.xdc (Line: 35)
Related violations: <none>


